
MainWindow -->>

Motif Classes: ApplicationShell + MainWindow + Form
Prop Resources:

	Object Name		[Widget Name]
	Window Title		XmNtitle
	Geometry		XmNx, XmNy, XmNwidth, XmNheight
	ResizeMode		XmNmwmDecorations		
	Icon Filename		XmNiconPixmap, XmNiconMask		
	Icon Label		XmNiconName
	Window Footer		[does not map to resource]		
	Initial State		XmNinitialState
	Background		XmNbackground
	Foreground		XmNforeground

----------------------------------------------------------------------
Custom Dialog -->>

Motif Classes: DialogShell + PanedWindow + Form
Prop Resources:

	Object Name		[Widget Name]
	Window Parent		[Widget id of parent]
	Dialog Title		XmNtitle
	Geometry		XmNx, XmNy, XmNwidth, XmNheight
	ResizeMode		XmNmwmDecorations		
	Window Footer		[does not map to resource]		
	Initial State		[does not map to resource]
	Background		XmNbackground
	Foreground		XmNforeground

-----------------------------------------------------------------------
Menubar -->>

Motif Classes:	RowColumn
Prop Resources:

	Object Name		[Widget Name]
	Initial State		XmNsensitive
	Background		XmNbackground
	Foreground		XmNforeground

*Menubar Items -->>
Motif Classes:	CascadeButtons
Prop Resources:

	Item Label Type		XmNlabelType
	Item Label 		XmNlabelString, XmNlabelPixmap
	Item Mnemonic		XmNmnemonic
	Item State		XmNsensitive
	Menu Name		[does not map to resource]
	Items			[does not map to resource]

-----------------------------------------------------------------------
Control Panel -->>

Motif Classes:  Form + Frame[optional]
Prop Resources:

	Object Name		[Widget Name]
	Geometry		XmNx, XmNy, XmNwidth, XmNheight
	Initial State		XmNsensitive
	Border Frame		XmNshadowType
	Background		XmNbackground
	Foreground		XmNforeground
	Menu Name		[does not map to resource]

-----------------------------------------------------------------------
Text Pane -->>

Motif Classes:  Text + ScrolledWindow[optional]
Prop Resources:

	Object Name		[Widget Name]
	Scrolling		XmNscrollVertical, XmNscrollHorizontal,
				XmNscrollingPolicy, XmNvisualPolicy,
				XmNscrollBarDisplayPolicy
	Position		XmNx, XmNy
	Size			XmNwidth, XmNheight, XmNcolumns
	Word Wrap		XmNwordWrap
	Operation		XmNeditMode
	Initial Value		XmNvalue
	Initial State		XmNsensitive
	Border Frame		XmNshadowType
	Background		XmNbackground
	Foreground		XmNforeground
	Menu Name		[does not map to resource]

-----------------------------------------------------------------------
Drawing Area Pane -->>

Motif Classes:  DrawingArea + ScrolledWindow[optional] + Frame[optional]
Prop Resources:

	Object Name		[Widget Name]
	Scrolling		XmNscrollingPolicy
	Show Scrollbars		XmNscrollBarDisplayPolicy
	Position		XmNx, XmNy
	Visible Size		XmNwidth, XmNheight
	Total Size		XmNwidth, XmNheight
	Initial State		XmNsensitive
	Border Frame		XmNshadowType
	Background		XmNbackground
	Foreground		XmNforeground
	Menu Name		[does not map to resource]

-----------------------------------------------------------------------
Termp Pane -->>

Motif Classes:  DtTermPane + ScrolledWindow[optional] + Frame[optional]
Prop Resources:

	Object Name		[Widget Name]
	Scrolling		XmNscrollingPolicy, XmNvisualPolicy,
				XmNscrollbarDisplayPolicy
	Position		XmNx, XmNy
	Size			XmNwidth, XmNheight, XmNrows, XmNcolumns
	Operation
	Process String		DtNsubprocessCmd			
	Initial State		XmNsensitive
	Border Frame		XmNshadowType
	Background		XmNbackground
	Foreground		XmNforeground
	Menu Name		[does not map to resource]

-----------------------------------------------------------------------
Label -->>

Motif Classes:  Label
Prop Resources:

	Object Name		[Widget Name]
	Size Policy		XmNrecomputeSize
	Geometry		XmNx, XmNy, XmNwidth, XmNheight
	Label Type		XmNlabelType
	Label			XmNlabelString, XmNlabelPixmap
	Label Alignment		XmNalignment
	Initial State		XmNsensitive
	Background		XmNbackground
	Foreground		XmNforeground

-----------------------------------------------------------------------
SpinBox -->>

Motif Classes:	DtSpinBox + (RowColumn & Label)[optional]
Prop Resources:

	Object Name		[Widget Name]
	SpinBox Type
	Geometry		XmNx, XmNy, XmNwidth, XmNheight
	Label Type		XmNlabelType
	Label			XmNlabelString, XmNlabelPixmap
	Label Position		XmNorientation
	Arrow Style		XmNarrowLayout
	Value Range		XmNmaximumValue, XmNminimumValue
	Increment Value		XmNincrementValue
	Initial State		XmNsensitive
	Background		XmNbackground
	Foreground		XmNforeground

*SpinBox Items -->>
Motif Classes:	<none> strings only
Prop Resources:

	Items			[does not map to resource]
	Item Label 		[does not map to resource]

-----------------------------------------------------------------------
Choice -->>

Motif Classes:	RowColumn (RadioBox/CheckBox/OptionMenu)
		 + (RowColumn & Label)[optional]
Prop Resources:

	Object Name		[Widget Name]
	Choice Type		[does not map to resource]
	Position		XmNx, XmNy
	Label Type		XmNlabelType
	Label			XmNlabelString, XmNlabelPixmap
	Label Position		XmNorientation
	Rows/Columns		XmNorientation, XmNnumColumns,XmNpacking
	Initial State		XmNsensitive
	Background		XmNbackground
	Foreground		XmNforeground

*Choice Items -->>
Motif Classes:	ToggleButton
Prop Resources:

	Items			[does not map to resource]
	Item Label Type		XmNlabelType
	Item Label 		XmNlabelString, XmNlabelPixmap
	Item State 		XmNsensitive, XmNset

-----------------------------------------------------------------------
Separator -->>

Motif Classes:  Separator
Prop Resources:

	Object Name		[Widget Name]
	Size Policy		[does not map to resource]
	Geometry		XmNx, XmNy, XmNwidth, XmNheight
	Line Style		XmNseparatorType
	Orientation		XmNorientation
	Initial State		XmNsensitive
	Background		XmNbackground
	Foreground		XmNforeground

-----------------------------------------------------------------------
Button -->>

Motif Classes:  PushButton, DrawnButton, ArrowButton
Prop Resources:

	Object Name		[Widget Name]
	Button Type		[does not map to resource]
	Size Policy		XmNrecomputeSize
	Geometry		XmNx, XmNy, XmNwidth, XmNheight
	Label Type		XmNlabelType
	Label			XmNlabelString, XmNlabelPixmap
	Arrow Direction		XmNarrowDirection		
	Label Alignment		XmNalignment
	Initial State		XmNsensitive
	Background		XmNbackground
	Foreground		XmNforeground
	Menu Name		[does not map to resource]

-----------------------------------------------------------------------
ComboBox -->>

Motif Classes:	DtComboboxBox + (RowColumn & Label)[optional]
Prop Resources:

	Object Name		[Widget Name]
	ComboBox Type		XmNcomboBoxType
	Geometry		XmNx, XmNy, XmNwidth, XmNheight
	Label Type		XmNlabelType
	Label			XmNlabelString, XmNlabelPixmap
	Label Position		XmNorientation
	Initial State		XmNsensitive
	Background		XmNbackground
	Foreground		XmNforeground

*ComboBox Items -->>
Motif Classes:	<none> strings only
Prop Resources:

	Items			[does not map to resource]
	Item Label 		[does not map to resource]

-----------------------------------------------------------------------
Text Field -->>

Motif Classes:	TextField + (RowColumn & Label)[optional]
Prop Resources:

	Object Name		[Widget Name]
	Position		XmNx, XmNy
	Width			XmNcolumns, XmNwidth
	Label Type		XmNlabelType
	Label			XmNlabelString, XmNlabelPixmap
	Label Position		XmNorientation
	Maximum Chars		XmNmaxLength		
	Initial Value		XmNvalue
	Initial State		XmNsensitive
	Background		XmNbackground
	Foreground		XmNforeground
	Menu Name		[does not map to resource]


-----------------------------------------------------------------------
Scale (Slider) -->>

Motif Classes:  Scale
Prop Resources:

	Object Name		[Widget Name]
	Geometry		XmNx, XmNy,XmNwidth, XmNheight
	Orientation		XmNorientation
	Direction		XmNprocessingDirection
	Label			XmNlabelString
	Value Range		XmNminimumValue, XmNmaximumValue
	Initial Value		XmNvalue
	Initial State		XmNsensitive
	Background		XmNbackground
	Foreground		XmNforeground

-----------------------------------------------------------------------
List -->>

Motif Classes:	ScrolledWindow + List + (RowColumn & Label)[optional]
Prop Resources:

	Object Name		[Widget Name]
	SelectionMode		XmNselectionMode
	Geometry		XmNx, XmNy, XmNwidth, XmNheight
	Label Type		XmNlabelType
	Label			XmNlabelString, XmNlabelPixmap
	Label Position		XmNorientation
	Items Visible		XmNitemsVisible
	Initial State		XmNsensitive
	Background		XmNbackground
	Foreground		XmNforeground
	Menu Name		[does not map to resource]

*List Items -->>
Motif Classes:	<none> strings only
Prop Resources:
	Item Label 		[does not map to resource]
	Item State		[does not map to resource]
	Items			[does not map to resource]

-----------------------------------------------------------------------
Menu-->>

Motif Classes:	MenuShell + RowColumn
Prop Resources:

	Object Name		[Widget Name]
	Menu Title		XmNlabelString (on Title Item)
	Tearoff			XmNtearOffModel
	Background		XmNbackground
	Foreground		XmNforeground

*Menubar Items -->>
Motif Classes:	PushButton, CascadeButton
Prop Resources:

	Item Label Type		XmNlabelType
	Item Label 		XmNlabelString, XmNlabelPixmap
	Item Mnemonic		XmNmnemonic
	Item State		XmNsensitive
	Menu Name		[does not map to resource]
	Items			[does not map to resource]
























	








