(ld):
halt 4
(ld):
setopt nodelcsect 
(ld):
insert /lib/crt0.o 
(ld):
insert fclndir.o 
(ld):
insert libutil.a 
(ld):
insert /usr/lib/libg.a 
(ld):
insert /usr/lib/libc.a 
0706-406 IMPORT_FILE: 14 symbols imported.
0706-406 IMPORT_FILE: 2577 symbols imported.
0706-406 IMPORT_FILE: 2 symbols imported.
(ld):
resolve
0706-196 RESOLVE:  Kept 3358 of 3602 symbols.
(ld):
exports /usr/lib/libg.exp 
0706-410 EXPORTS: 7 symbols exported.
(ld):
gc
0706-188 Number of symbols garbage collected: 3314 of 3361
(ld):
comprld
0706-180 COMPRLD: Kept 72 of 72 relocation entries.
(ld):
mismatch
0706-294 No type mismatches detected.
(ld):
er full
0706-297 No unresolved symbols detected.
(ld):
addgl /usr/lib/glink.o
0706-196 RESOLVE:  Kept 74 of 97 symbols.
0706-371 ADDGL: 10 symbols processed.
(ld):
origin 0x200 0x0
(ld):
pad 512 512 512
0706-143 The object file pad values are .text: 512  .data: 512  .loader: 512
(ld):
libpath /x/cde_aixd_32/binstall/lib:/usr/lib:/usr/dt/lib:/usr/lib:/lib
0706-474 LIBPATH:  Library path set to /x/cde_aixd_32/binstall/lib:/usr/lib:/usr/dt/lib:/usr/lib:/lib
(ld):
save 1L fclndir 
0706-760 CLEAN_SAVE:  section sizes = 2508+952+48 (000009CC+000003B8+00000030 hex)
0706-762 Size of TOC: 68 (0x44 hex)
(ld):
rc
0706-476 RC:  Highest return code was 0
(ld):
q
