(ld):
halt 4
(ld):
setopt nodelcsect 
(ld):
insert /lib/crt0.o 
(ld):
insert parser.o 
(ld):
insert actutil.o 
(ld):
insert closent.o 
(ld):
insert code.o 
(ld):
insert cyclent.o 
(ld):
insert dcurelt.o 
(ld):
insert end.o 
(ld):
insert entity.o 
(ld):
insert error.o 
(ld):
insert getsign.o 
(ld):
insert input.o 
(ld):
insert level.o 
(ld):
insert lookent.o 
(ld):
insert minim.o 
(ld):
insert optstrg.o 
(ld):
insert param.o 
(ld):
insert parent.o 
(ld):
insert parutil.o 
(ld):
insert pi.o 
(ld):
insert scan.o 
(ld):
insert setpar.o 
(ld):
insert start.o 
(ld):
insert string.o 
(ld):
insert struct.o 
(ld):
insert text.o 
(ld):
insert ../htag2/custom.o 
(ld):
insert ../htag2/sdl.o 
(ld):
insert ../htag2/option.o 
(ld):
insert ../htag2/out.o 
(ld):
insert ../util/libutil.a 
(ld):
insert /usr/lib/libm.a 
(ld):
insert /usr/lib/libg.a 
(ld):
insert /usr/lib/libc.a 
0706-406 IMPORT_FILE: 14 symbols imported.
0706-406 IMPORT_FILE: 2569 symbols imported.
0706-406 IMPORT_FILE: 2 symbols imported.
(ld):
resolve
0706-224 WARNING:  Duplicate symbol '.m_errline'.
		error.c      from ../util/libutil.a[error.o]
	  Replaced by symbol from:
		custom.c     from ../htag2/custom.o       
0706-224 WARNING:  Duplicate symbol '.m_error'.
		error.c      from ../util/libutil.a[error.o]
	  Replaced by symbol from:
		error.c      from error.o                 
0706-224 WARNING:  Duplicate symbol '.m_err1'.
		error.c      from ../util/libutil.a[error.o]
	  Replaced by symbol from:
		error.c      from error.o                 
0706-224 WARNING:  Duplicate symbol '.m_mberr1'.
		error.c      from ../util/libutil.a[error.o]
	  Replaced by symbol from:
		error.c      from error.o                 
0706-224 WARNING:  Duplicate symbol '.m_err2'.
		error.c      from ../util/libutil.a[error.o]
	  Replaced by symbol from:
		error.c      from error.o                 
0706-224 WARNING:  Duplicate symbol '.m_err3'.
		error.c      from ../util/libutil.a[error.o]
	  Replaced by symbol from:
		error.c      from error.o                 
0706-224 WARNING:  Duplicate symbol '.m_err5'.
		error.c      from ../util/libutil.a[error.o]
	  Replaced by symbol from:
		error.c      from error.o                 
0706-224 WARNING:  Duplicate symbol '.m_trace'.
		error.c      from ../util/libutil.a[error.o]
	  Replaced by symbol from:
		custom.c     from ../htag2/custom.o       
0706-224 WARNING:  Duplicate symbol '.m_wctrace'.
		error.c      from ../util/libutil.a[error.o]
	  Replaced by symbol from:
		custom.c     from ../htag2/custom.o       
0706-224 WARNING:  Duplicate symbol '.m_exit'.
		exit.c       from ../util/libutil.a[exit.o]
	  Replaced by symbol from:
		custom.c     from ../htag2/custom.o       
		_qgamma.f    from /usr/lib/libm.a[_qgamma.o]
	  Replaced by symbol from:
		lgamma.c     from /usr/lib/libm.a[lgamma.o]
0706-224 WARNING:  Duplicate symbol '.logb'.
		*NO TAG*     from /usr/lib/libc.a[logb.o] 
	  Replaced by symbol from:
		*NO TAG*     from /usr/lib/libm.a[logb.o] 
0706-224 WARNING:  Duplicate symbol '.scalb'.
		scalb.c      from /usr/lib/libc.a[scalb.o]
	  Replaced by symbol from:
		scalb.c      from /usr/lib/libm.a[scalb.o]
0706-224 WARNING:  Duplicate symbol '.finite'.
		*NO TAG*     from /usr/lib/libc.a[finite.o]
	  Replaced by symbol from:
		*NO TAG*     from /usr/lib/libm.a[finite.o]
0706-196 RESOLVE:  Kept 5350 of 7221 symbols.
(ld):
exports /usr/lib/libg.exp 
0706-410 EXPORTS: 7 symbols exported.
(ld):
gc
0706-188 Number of symbols garbage collected: 4355 of 5353
(ld):
comprld
0706-180 COMPRLD: Kept 5362 of 5362 relocation entries.
(ld):
mismatch
0706-294 No type mismatches detected.
(ld):
er full
0706-297 No unresolved symbols detected.
(ld):
addgl /usr/lib/glink.o
0706-196 RESOLVE:  Kept 1130 of 1223 symbols.
0706-371 ADDGL: 45 symbols processed.
(ld):
origin 0x200 0x0
(ld):
pad 512 512 512
0706-143 The object file pad values are .text: 512  .data: 512  .loader: 512
(ld):
libpath /x/cde_aixd_32/binstall/lib:/usr/lib:/usr/dt/lib:/usr/lib:/lib
0706-474 LIBPATH:  Library path set to /x/cde_aixd_32/binstall/lib:/usr/lib:/usr/dt/lib:/usr/lib:/lib
(ld):
save 1L parser 
0706-760 CLEAN_SAVE:  section sizes = 150988+76300+15374 (00024DCC+00012A0C+00003C0E hex)
0706-762 Size of TOC: 948 (0x3B4 hex)
(ld):
rc
0706-476 RC:  Highest return code was 0
(ld):
q
